one tag /*tag*/ replace value /*/tag*/ end one tag
